type t = {
  name: string ;
  age: int }[@@deriving of_yamlx ~skip_unknown]
include
  struct
    let of_yamlx =
      let (>>=) v f = match v with | Ok v -> f v | Error _ as e -> e[@@warning
                                                                    "-26"] in
      function
      | YAMLx.Value.Map (_, xs) ->
          let rec loop xs ((arg0, arg1) as _state) =
            match xs with
            | (_, YAMLx.Value.String (_, "name"), x)::xs ->
                loop xs
                  (((function
                     | YAMLx.Value.String (_, x) -> Ok x
                     | _ ->
                         Error
                           (`Msg
                              "Was expecting 'string' but got a different type"))
                      x), arg1)
            | (_, YAMLx.Value.String (_, "age"), x)::xs ->
                loop xs
                  (arg0,
                    ((function
                      | YAMLx.Value.Int (_, x) -> Ok (Int64.to_int x)
                      | _ ->
                          Error
                            (`Msg
                               "Was expecting 'int' but got a different type"))
                       x))
            | [] ->
                arg1 >>=
                  ((fun arg1 ->
                      arg0 >>= (fun arg0 -> Ok { name = arg0; age = arg1 })))
            | _::xs -> loop xs _state in
          loop xs
            ((Error (`Msg "Didn't find the function for key: name")),
              (Error (`Msg "Didn't find the function for key: age")))
      | _ ->
          Error (`Msg "Failed building a key-value object expecting a list")
  end[@@ocaml.doc "@inline"][@@merlin.hide ]
